api/axios.ts(36,12): error TS1343: The 'import.meta' meta-property is only allowed when the '--module' option is 'es2020', 'es2022', 'esnext', 'system', 'node16', 'node18', 'node20', or 'nodenext'.
api/axios.ts(36,24): error TS2339: Property 'env' does not exist on type 'ImportMeta'.
api/axios.ts(76,9): error TS1343: The 'import.meta' meta-property is only allowed when the '--module' option is 'es2020', 'es2022', 'esnext', 'system', 'node16', 'node18', 'node20', or 'nodenext'.
api/axios.ts(76,21): error TS2339: Property 'env' does not exist on type 'ImportMeta'.
api/axios.ts(107,9): error TS1343: The 'import.meta' meta-property is only allowed when the '--module' option is 'es2020', 'es2022', 'esnext', 'system', 'node16', 'node18', 'node20', or 'nodenext'.
api/axios.ts(107,21): error TS2339: Property 'env' does not exist on type 'ImportMeta'.
api/axios.ts(126,11): error TS1343: The 'import.meta' meta-property is only allowed when the '--module' option is 'es2020', 'es2022', 'esnext', 'system', 'node16', 'node18', 'node20', or 'nodenext'.
api/axios.ts(126,23): error TS2339: Property 'env' does not exist on type 'ImportMeta'.
api/axios.ts(179,9): error TS1343: The 'import.meta' meta-property is only allowed when the '--module' option is 'es2020', 'es2022', 'esnext', 'system', 'node16', 'node18', 'node20', or 'nodenext'.
api/axios.ts(179,21): error TS2339: Property 'env' does not exist on type 'ImportMeta'.
api/axios.ts(230,9): error TS1343: The 'import.meta' meta-property is only allowed when the '--module' option is 'es2020', 'es2022', 'esnext', 'system', 'node16', 'node18', 'node20', or 'nodenext'.
api/axios.ts(230,21): error TS2339: Property 'env' does not exist on type 'ImportMeta'.
api/services/purchaseOrders.ts(26,8): error TS2307: Cannot find module '@/types/api/purchaseOrders' or its corresponding type declarations.
api/services/purchaseOrders.ts(27,35): error TS2307: Cannot find module '@/types/api/products' or its corresponding type declarations.
components/purchase-orders/UpdatePurchaseOrderForm.tsx(1,8): error TS1259: Module '"d:/Ideal Distributor/Development/Workspace/code move/pharma-supply/node_modules/@types/react/index"' can only be default-imported using the 'esModuleInterop' flag
components/purchase-orders/UpdatePurchaseOrderForm.tsx(17,24): error TS2307: Cannot find module '@/components/ui/button' or its corresponding type declarations.
components/purchase-orders/UpdatePurchaseOrderForm.tsx(18,23): error TS2307: Cannot find module '@/components/ui/input' or its corresponding type declarations.
components/purchase-orders/UpdatePurchaseOrderForm.tsx(19,26): error TS2307: Cannot find module '@/components/ui/textarea' or its corresponding type declarations.
components/purchase-orders/UpdatePurchaseOrderForm.tsx(27,8): error TS2307: Cannot find module '@/components/ui/form' or its corresponding type declarations.
components/purchase-orders/UpdatePurchaseOrderForm.tsx(34,8): error TS2307: Cannot find module '@/components/ui/select' or its corresponding type declarations.
components/purchase-orders/UpdatePurchaseOrderForm.tsx(36,72): error TS2307: Cannot find module '@/lib/schemas' or its corresponding type declarations.
components/purchase-orders/UpdatePurchaseOrderForm.tsx(40,8): error TS2307: Cannot find module '@/api/services/purchaseOrders' or its corresponding type declarations.
components/purchase-orders/UpdatePurchaseOrderForm.tsx(41,59): error TS2307: Cannot find module '@/types/api/purchaseOrders' or its corresponding type declarations.
components/purchase-orders/UpdatePurchaseOrderForm.tsx(42,20): error TS2307: Cannot find module '@/lib/utils' or its corresponding type declarations.
components/purchase-orders/UpdatePurchaseOrderForm.tsx(105,9): error TS17004: Cannot use JSX unless the '--jsx' flag is provided.
components/purchase-orders/UpdatePurchaseOrderForm.tsx(106,13): error TS17004: Cannot use JSX unless the '--jsx' flag is provided.
components/purchase-orders/UpdatePurchaseOrderForm.tsx(107,17): error TS17004: Cannot use JSX unless the '--jsx' flag is provided.
components/purchase-orders/UpdatePurchaseOrderForm.tsx(113,21): error TS17004: Cannot use JSX unless the '--jsx' flag is provided.
components/purchase-orders/UpdatePurchaseOrderForm.tsx(115,25): error TS17004: Cannot use JSX unless the '--jsx' flag is provided.
components/purchase-orders/UpdatePurchaseOrderForm.tsx(116,29): error TS17004: Cannot use JSX unless the '--jsx' flag is provided.
components/purchase-orders/UpdatePurchaseOrderForm.tsx(120,37): error TS17004: Cannot use JSX unless the '--jsx' flag is provided.
components/purchase-orders/UpdatePurchaseOrderForm.tsx(121,41): error TS17004: Cannot use JSX unless the '--jsx' flag is provided.
components/purchase-orders/UpdatePurchaseOrderForm.tsx(122,45): error TS17004: Cannot use JSX unless the '--jsx' flag is provided.
components/purchase-orders/UpdatePurchaseOrderForm.tsx(124,41): error TS17004: Cannot use JSX unless the '--jsx' flag is provided.
components/purchase-orders/UpdatePurchaseOrderForm.tsx(128,45): error TS17004: Cannot use JSX unless the '--jsx' flag is provided.
components/purchase-orders/UpdatePurchaseOrderForm.tsx(129,49): error TS17004: Cannot use JSX unless the '--jsx' flag is provided.
components/purchase-orders/UpdatePurchaseOrderForm.tsx(130,53): error TS17004: Cannot use JSX unless the '--jsx' flag is provided.
components/purchase-orders/UpdatePurchaseOrderForm.tsx(133,45): error TS17004: Cannot use JSX unless the '--jsx' flag is provided.
components/purchase-orders/UpdatePurchaseOrderForm.tsx(135,53): error TS17004: Cannot use JSX unless the '--jsx' flag is provided.
components/purchase-orders/UpdatePurchaseOrderForm.tsx(136,57): error TS17004: Cannot use JSX unless the '--jsx' flag is provided.
components/purchase-orders/UpdatePurchaseOrderForm.tsx(137,61): error TS17004: Cannot use JSX unless the '--jsx' flag is provided.
components/purchase-orders/UpdatePurchaseOrderForm.tsx(147,41): error TS17004: Cannot use JSX unless the '--jsx' flag is provided.
components/purchase-orders/UpdatePurchaseOrderForm.tsx(154,25): error TS17004: Cannot use JSX unless the '--jsx' flag is provided.
components/purchase-orders/UpdatePurchaseOrderForm.tsx(155,29): error TS17004: Cannot use JSX unless the '--jsx' flag is provided.
components/purchase-orders/UpdatePurchaseOrderForm.tsx(159,37): error TS17004: Cannot use JSX unless the '--jsx' flag is provided.
components/purchase-orders/UpdatePurchaseOrderForm.tsx(160,41): error TS17004: Cannot use JSX unless the '--jsx' flag is provided.
components/purchase-orders/UpdatePurchaseOrderForm.tsx(161,45): error TS17004: Cannot use JSX unless the '--jsx' flag is provided.
components/purchase-orders/UpdatePurchaseOrderForm.tsx(163,41): error TS17004: Cannot use JSX unless the '--jsx' flag is provided.
components/purchase-orders/UpdatePurchaseOrderForm.tsx(164,45): error TS17004: Cannot use JSX unless the '--jsx' flag is provided.
components/purchase-orders/UpdatePurchaseOrderForm.tsx(170,41): error TS17004: Cannot use JSX unless the '--jsx' flag is provided.
components/purchase-orders/UpdatePurchaseOrderForm.tsx(178,21): error TS17004: Cannot use JSX unless the '--jsx' flag is provided.
components/purchase-orders/UpdatePurchaseOrderForm.tsx(179,25): error TS17004: Cannot use JSX unless the '--jsx' flag is provided.
components/purchase-orders/UpdatePurchaseOrderForm.tsx(183,33): error TS17004: Cannot use JSX unless the '--jsx' flag is provided.
components/purchase-orders/UpdatePurchaseOrderForm.tsx(184,37): error TS17004: Cannot use JSX unless the '--jsx' flag is provided.
components/purchase-orders/UpdatePurchaseOrderForm.tsx(185,41): error TS17004: Cannot use JSX unless the '--jsx' flag is provided.
components/purchase-orders/UpdatePurchaseOrderForm.tsx(187,37): error TS17004: Cannot use JSX unless the '--jsx' flag is provided.
components/purchase-orders/UpdatePurchaseOrderForm.tsx(188,41): error TS17004: Cannot use JSX unless the '--jsx' flag is provided.
components/purchase-orders/UpdatePurchaseOrderForm.tsx(194,37): error TS17004: Cannot use JSX unless the '--jsx' flag is provided.
components/purchase-orders/UpdatePurchaseOrderForm.tsx(201,21): error TS17004: Cannot use JSX unless the '--jsx' flag is provided.
components/purchase-orders/UpdatePurchaseOrderForm.tsx(202,25): error TS17004: Cannot use JSX unless the '--jsx' flag is provided.
components/purchase-orders/UpdatePurchaseOrderForm.tsx(206,33): error TS17004: Cannot use JSX unless the '--jsx' flag is provided.
components/purchase-orders/UpdatePurchaseOrderForm.tsx(207,37): error TS17004: Cannot use JSX unless the '--jsx' flag is provided.
components/purchase-orders/UpdatePurchaseOrderForm.tsx(208,41): error TS17004: Cannot use JSX unless the '--jsx' flag is provided.
components/purchase-orders/UpdatePurchaseOrderForm.tsx(210,37): error TS17004: Cannot use JSX unless the '--jsx' flag is provided.
components/purchase-orders/UpdatePurchaseOrderForm.tsx(211,41): error TS17004: Cannot use JSX unless the '--jsx' flag is provided.
components/purchase-orders/UpdatePurchaseOrderForm.tsx(217,37): error TS17004: Cannot use JSX unless the '--jsx' flag is provided.
components/purchase-orders/UpdatePurchaseOrderForm.tsx(224,21): error TS17004: Cannot use JSX unless the '--jsx' flag is provided.
components/purchase-orders/UpdatePurchaseOrderForm.tsx(228,25): error TS17004: Cannot use JSX unless the '--jsx' flag is provided.
components/purchase-orders/UpdatePurchaseOrderForm.tsx(236,25): error TS17004: Cannot use JSX unless the '--jsx' flag is provided.
components/purchase-orders/UpdatePurchaseOrderForm.tsx(242,33): error TS17004: Cannot use JSX unless the '--jsx' flag is provided.
components/purchase-orders/UpdatePurchaseOrderForm.tsx(244,33): error TS17004: Cannot use JSX unless the '--jsx' flag is provided.
pages/orders/PurchaseOrderView.tsx(1,8): error TS1259: Module '"d:/Ideal Distributor/Development/Workspace/code move/pharma-supply/node_modules/@types/react/index"' can only be default-imported using the 'esModuleInterop' flag
pages/orders/PurchaseOrderView.tsx(3,60): error TS2307: Cannot find module '@/api/services/purchaseOrders' or its corresponding type declarations.
pages/orders/PurchaseOrderView.tsx(4,24): error TS2307: Cannot find module '@/components/ui/button' or its corresponding type declarations.
pages/orders/PurchaseOrderView.tsx(5,87): error TS2307: Cannot find module '@/components/ui/card' or its corresponding type declarations.
pages/orders/PurchaseOrderView.tsx(24,23): error TS2307: Cannot find module '@/components/ui/badge' or its corresponding type declarations.
pages/orders/PurchaseOrderView.tsx(25,27): error TS2307: Cannot find module '@/components/ui/separator' or its corresponding type declarations.
pages/orders/PurchaseOrderView.tsx(26,79): error TS2307: Cannot find module '@/components/ui/table' or its corresponding type declarations.
pages/orders/PurchaseOrderView.tsx(27,36): error TS2307: Cannot find module '@/lib/utils' or its corresponding type declarations.
pages/orders/PurchaseOrderView.tsx(34,8): error TS2307: Cannot find module '@/components/ui/sheet' or its corresponding type declarations.
pages/orders/PurchaseOrderView.tsx(35,41): error TS2307: Cannot find module '@/components/purchase-orders/UpdatePurchaseOrderForm' or its corresponding type declarations.
pages/orders/PurchaseOrderView.tsx(45,8): error TS2307: Cannot find module '@/components/ui/breadcrumb' or its corresponding type declarations.
pages/orders/PurchaseOrderView.tsx(75,7): error TS17004: Cannot use JSX unless the '--jsx' flag is provided.
pages/orders/PurchaseOrderView.tsx(76,9): error TS17004: Cannot use JSX unless the '--jsx' flag is provided.
pages/orders/PurchaseOrderView.tsx(83,7): error TS17004: Cannot use JSX unless the '--jsx' flag is provided.
pages/orders/PurchaseOrderView.tsx(84,9): error TS17004: Cannot use JSX unless the '--jsx' flag is provided.
pages/orders/PurchaseOrderView.tsx(85,9): error TS17004: Cannot use JSX unless the '--jsx' flag is provided.
pages/orders/PurchaseOrderView.tsx(86,9): error TS17004: Cannot use JSX unless the '--jsx' flag is provided.
pages/orders/PurchaseOrderView.tsx(89,9): error TS17004: Cannot use JSX unless the '--jsx' flag is provided.
pages/orders/PurchaseOrderView.tsx(95,5): error TS17004: Cannot use JSX unless the '--jsx' flag is provided.
pages/orders/PurchaseOrderView.tsx(97,7): error TS17004: Cannot use JSX unless the '--jsx' flag is provided.
pages/orders/PurchaseOrderView.tsx(98,9): error TS17004: Cannot use JSX unless the '--jsx' flag is provided.
pages/orders/PurchaseOrderView.tsx(99,11): error TS17004: Cannot use JSX unless the '--jsx' flag is provided.
pages/orders/PurchaseOrderView.tsx(100,13): error TS17004: Cannot use JSX unless the '--jsx' flag is provided.
pages/orders/PurchaseOrderView.tsx(102,11): error TS17004: Cannot use JSX unless the '--jsx' flag is provided.
pages/orders/PurchaseOrderView.tsx(103,11): error TS17004: Cannot use JSX unless the '--jsx' flag is provided.
pages/orders/PurchaseOrderView.tsx(104,13): error TS17004: Cannot use JSX unless the '--jsx' flag is provided.
pages/orders/PurchaseOrderView.tsx(106,11): error TS17004: Cannot use JSX unless the '--jsx' flag is provided.
pages/orders/PurchaseOrderView.tsx(107,11): error TS17004: Cannot use JSX unless the '--jsx' flag is provided.
pages/orders/PurchaseOrderView.tsx(108,13): error TS17004: Cannot use JSX unless the '--jsx' flag is provided.
pages/orders/PurchaseOrderView.tsx(114,7): error TS17004: Cannot use JSX unless the '--jsx' flag is provided.
pages/orders/PurchaseOrderView.tsx(115,9): error TS17004: Cannot use JSX unless the '--jsx' flag is provided.
pages/orders/PurchaseOrderView.tsx(116,11): error TS17004: Cannot use JSX unless the '--jsx' flag is provided.
pages/orders/PurchaseOrderView.tsx(122,13): error TS17004: Cannot use JSX unless the '--jsx' flag is provided.
pages/orders/PurchaseOrderView.tsx(124,11): error TS17004: Cannot use JSX unless the '--jsx' flag is provided.
pages/orders/PurchaseOrderView.tsx(125,13): error TS17004: Cannot use JSX unless the '--jsx' flag is provided.
pages/orders/PurchaseOrderView.tsx(126,15): error TS17004: Cannot use JSX unless the '--jsx' flag is provided.
pages/orders/PurchaseOrderView.tsx(127,15): error TS17004: Cannot use JSX unless the '--jsx' flag is provided.
pages/orders/PurchaseOrderView.tsx(131,13): error TS17004: Cannot use JSX unless the '--jsx' flag is provided.
pages/orders/PurchaseOrderView.tsx(134,9): error TS17004: Cannot use JSX unless the '--jsx' flag is provided.
pages/orders/PurchaseOrderView.tsx(135,11): error TS17004: Cannot use JSX unless the '--jsx' flag is provided.
pages/orders/PurchaseOrderView.tsx(140,13): error TS17004: Cannot use JSX unless the '--jsx' flag is provided.
pages/orders/PurchaseOrderView.tsx(143,11): error TS17004: Cannot use JSX unless the '--jsx' flag is provided.
pages/orders/PurchaseOrderView.tsx(144,13): error TS17004: Cannot use JSX unless the '--jsx' flag is provided.
pages/orders/PurchaseOrderView.tsx(151,7): error TS17004: Cannot use JSX unless the '--jsx' flag is provided.
pages/orders/PurchaseOrderView.tsx(152,9): error TS17004: Cannot use JSX unless the '--jsx' flag is provided.
pages/orders/PurchaseOrderView.tsx(153,11): error TS17004: Cannot use JSX unless the '--jsx' flag is provided.
pages/orders/PurchaseOrderView.tsx(154,11): error TS17004: Cannot use JSX unless the '--jsx' flag is provided.
pages/orders/PurchaseOrderView.tsx(157,9): error TS17004: Cannot use JSX unless the '--jsx' flag is provided.
pages/orders/PurchaseOrderView.tsx(158,11): error TS17004: Cannot use JSX unless the '--jsx' flag is provided.
pages/orders/PurchaseOrderView.tsx(159,13): error TS17004: Cannot use JSX unless the '--jsx' flag is provided.
pages/orders/PurchaseOrderView.tsx(199,19): error TS17004: Cannot use JSX unless the '--jsx' flag is provided.
pages/orders/PurchaseOrderView.tsx(207,21): error TS17004: Cannot use JSX unless the '--jsx' flag is provided.
pages/orders/PurchaseOrderView.tsx(211,23): error TS17004: Cannot use JSX unless the '--jsx' flag is provided.
pages/orders/PurchaseOrderView.tsx(213,21): error TS17004: Cannot use JSX unless the '--jsx' flag is provided.
pages/orders/PurchaseOrderView.tsx(214,23): error TS17004: Cannot use JSX unless the '--jsx' flag is provided.
pages/orders/PurchaseOrderView.tsx(217,23): error TS17004: Cannot use JSX unless the '--jsx' flag is provided.
pages/orders/PurchaseOrderView.tsx(222,23): error TS17004: Cannot use JSX unless the '--jsx' flag is provided.
pages/orders/PurchaseOrderView.tsx(235,7): error TS17004: Cannot use JSX unless the '--jsx' flag is provided.
pages/orders/PurchaseOrderView.tsx(237,9): error TS17004: Cannot use JSX unless the '--jsx' flag is provided.
pages/orders/PurchaseOrderView.tsx(239,11): error TS17004: Cannot use JSX unless the '--jsx' flag is provided.
pages/orders/PurchaseOrderView.tsx(240,13): error TS17004: Cannot use JSX unless the '--jsx' flag is provided.
pages/orders/PurchaseOrderView.tsx(241,15): error TS17004: Cannot use JSX unless the '--jsx' flag is provided.
pages/orders/PurchaseOrderView.tsx(242,17): error TS17004: Cannot use JSX unless the '--jsx' flag is provided.
pages/orders/PurchaseOrderView.tsx(243,17): error TS17004: Cannot use JSX unless the '--jsx' flag is provided.
pages/orders/PurchaseOrderView.tsx(246,13): error TS17004: Cannot use JSX unless the '--jsx' flag is provided.
pages/orders/PurchaseOrderView.tsx(247,15): error TS17004: Cannot use JSX unless the '--jsx' flag is provided.
pages/orders/PurchaseOrderView.tsx(248,23): error TS17004: Cannot use JSX unless the '--jsx' flag is provided.
pages/orders/PurchaseOrderView.tsx(253,15): error TS17004: Cannot use JSX unless the '--jsx' flag is provided.
pages/orders/PurchaseOrderView.tsx(254,23): error TS17004: Cannot use JSX unless the '--jsx' flag is provided.
pages/orders/PurchaseOrderView.tsx(258,15): error TS17004: Cannot use JSX unless the '--jsx' flag is provided.
pages/orders/PurchaseOrderView.tsx(259,23): error TS17004: Cannot use JSX unless the '--jsx' flag is provided.
pages/orders/PurchaseOrderView.tsx(263,15): error TS17004: Cannot use JSX unless the '--jsx' flag is provided.
pages/orders/PurchaseOrderView.tsx(264,23): error TS17004: Cannot use JSX unless the '--jsx' flag is provided.
pages/orders/PurchaseOrderView.tsx(269,15): error TS17004: Cannot use JSX unless the '--jsx' flag is provided.
pages/orders/PurchaseOrderView.tsx(270,17): error TS17004: Cannot use JSX unless the '--jsx' flag is provided.
pages/orders/PurchaseOrderView.tsx(271,25): error TS17004: Cannot use JSX unless the '--jsx' flag is provided.
pages/orders/PurchaseOrderView.tsx(276,15): error TS17004: Cannot use JSX unless the '--jsx' flag is provided.
pages/orders/PurchaseOrderView.tsx(277,17): error TS17004: Cannot use JSX unless the '--jsx' flag is provided.
pages/orders/PurchaseOrderView.tsx(278,25): error TS17004: Cannot use JSX unless the '--jsx' flag is provided.
pages/orders/PurchaseOrderView.tsx(288,11): error TS17004: Cannot use JSX unless the '--jsx' flag is provided.
pages/orders/PurchaseOrderView.tsx(289,13): error TS17004: Cannot use JSX unless the '--jsx' flag is provided.
pages/orders/PurchaseOrderView.tsx(290,15): error TS17004: Cannot use JSX unless the '--jsx' flag is provided.
pages/orders/PurchaseOrderView.tsx(291,17): error TS17004: Cannot use JSX unless the '--jsx' flag is provided.
pages/orders/PurchaseOrderView.tsx(292,19): error TS17004: Cannot use JSX unless the '--jsx' flag is provided.
pages/orders/PurchaseOrderView.tsx(293,19): error TS17004: Cannot use JSX unless the '--jsx' flag is provided.
pages/orders/PurchaseOrderView.tsx(295,17): error TS17004: Cannot use JSX unless the '--jsx' flag is provided.
pages/orders/PurchaseOrderView.tsx(298,13): error TS17004: Cannot use JSX unless the '--jsx' flag is provided.
pages/orders/PurchaseOrderView.tsx(299,15): error TS17004: Cannot use JSX unless the '--jsx' flag is provided.
pages/orders/PurchaseOrderView.tsx(300,17): error TS17004: Cannot use JSX unless the '--jsx' flag is provided.
pages/orders/PurchaseOrderView.tsx(301,19): error TS17004: Cannot use JSX unless the '--jsx' flag is provided.
pages/orders/PurchaseOrderView.tsx(302,21): error TS17004: Cannot use JSX unless the '--jsx' flag is provided.
pages/orders/PurchaseOrderView.tsx(303,21): error TS17004: Cannot use JSX unless the '--jsx' flag is provided.
pages/orders/PurchaseOrderView.tsx(304,21): error TS17004: Cannot use JSX unless the '--jsx' flag is provided.
pages/orders/PurchaseOrderView.tsx(305,21): error TS17004: Cannot use JSX unless the '--jsx' flag is provided.
pages/orders/PurchaseOrderView.tsx(306,21): error TS17004: Cannot use JSX unless the '--jsx' flag is provided.
pages/orders/PurchaseOrderView.tsx(307,21): error TS17004: Cannot use JSX unless the '--jsx' flag is provided.
pages/orders/PurchaseOrderView.tsx(308,21): error TS17004: Cannot use JSX unless the '--jsx' flag is provided.
pages/orders/PurchaseOrderView.tsx(311,17): error TS17004: Cannot use JSX unless the '--jsx' flag is provided.
pages/orders/PurchaseOrderView.tsx(319,23): error TS17004: Cannot use JSX unless the '--jsx' flag is provided.
pages/orders/PurchaseOrderView.tsx(320,25): error TS17004: Cannot use JSX unless the '--jsx' flag is provided.
pages/orders/PurchaseOrderView.tsx(321,25): error TS17004: Cannot use JSX unless the '--jsx' flag is provided.
pages/orders/PurchaseOrderView.tsx(322,27): error TS17004: Cannot use JSX unless the '--jsx' flag is provided.
pages/orders/PurchaseOrderView.tsx(323,27): error TS17004: Cannot use JSX unless the '--jsx' flag is provided.
pages/orders/PurchaseOrderView.tsx(325,25): error TS17004: Cannot use JSX unless the '--jsx' flag is provided.
pages/orders/PurchaseOrderView.tsx(326,25): error TS17004: Cannot use JSX unless the '--jsx' flag is provided.
pages/orders/PurchaseOrderView.tsx(327,25): error TS17004: Cannot use JSX unless the '--jsx' flag is provided.
pages/orders/PurchaseOrderView.tsx(328,25): error TS17004: Cannot use JSX unless the '--jsx' flag is provided.
pages/orders/PurchaseOrderView.tsx(329,25): error TS17004: Cannot use JSX unless the '--jsx' flag is provided.
pages/orders/PurchaseOrderView.tsx(340,9): error TS17004: Cannot use JSX unless the '--jsx' flag is provided.
pages/orders/PurchaseOrderView.tsx(341,11): error TS17004: Cannot use JSX unless the '--jsx' flag is provided.
pages/orders/PurchaseOrderView.tsx(342,13): error TS17004: Cannot use JSX unless the '--jsx' flag is provided.
pages/orders/PurchaseOrderView.tsx(343,13): error TS17004: Cannot use JSX unless the '--jsx' flag is provided.
pages/orders/PurchaseOrderView.tsx(344,15): error TS17004: Cannot use JSX unless the '--jsx' flag is provided.
pages/orders/PurchaseOrderView.tsx(345,17): error TS17004: Cannot use JSX unless the '--jsx' flag is provided.
pages/orders/PurchaseOrderView.tsx(346,17): error TS17004: Cannot use JSX unless the '--jsx' flag is provided.
pages/orders/PurchaseOrderView.tsx(349,13): error TS17004: Cannot use JSX unless the '--jsx' flag is provided.
pages/orders/PurchaseOrderView.tsx(350,15): error TS17004: Cannot use JSX unless the '--jsx' flag is provided.
pages/orders/PurchaseOrderView.tsx(351,17): error TS17004: Cannot use JSX unless the '--jsx' flag is provided.
pages/orders/PurchaseOrderView.tsx(352,17): error TS17004: Cannot use JSX unless the '--jsx' flag is provided.
pages/orders/PurchaseOrderView.tsx(353,17): error TS17004: Cannot use JSX unless the '--jsx' flag is provided.
pages/orders/PurchaseOrderView.tsx(354,17): error TS17004: Cannot use JSX unless the '--jsx' flag is provided.
pages/orders/PurchaseOrderView.tsx(355,17): error TS17004: Cannot use JSX unless the '--jsx' flag is provided.
pages/orders/PurchaseOrderView.tsx(356,19): error TS17004: Cannot use JSX unless the '--jsx' flag is provided.
pages/orders/PurchaseOrderView.tsx(357,19): error TS17004: Cannot use JSX unless the '--jsx' flag is provided.
pages/orders/PurchaseOrderView.tsx(363,13): error TS17004: Cannot use JSX unless the '--jsx' flag is provided.
pages/orders/PurchaseOrderView.tsx(364,15): error TS17004: Cannot use JSX unless the '--jsx' flag is provided.
pages/orders/PurchaseOrderView.tsx(365,17): error TS17004: Cannot use JSX unless the '--jsx' flag is provided.
pages/orders/PurchaseOrderView.tsx(365,59): error TS17004: Cannot use JSX unless the '--jsx' flag is provided.
pages/orders/PurchaseOrderView.tsx(366,17): error TS17004: Cannot use JSX unless the '--jsx' flag is provided.
pages/orders/PurchaseOrderView.tsx(372,11): error TS17004: Cannot use JSX unless the '--jsx' flag is provided.
pages/orders/PurchaseOrderView.tsx(373,13): error TS17004: Cannot use JSX unless the '--jsx' flag is provided.
pages/orders/PurchaseOrderView.tsx(374,15): error TS17004: Cannot use JSX unless the '--jsx' flag is provided.
pages/orders/PurchaseOrderView.tsx(375,15): error TS17004: Cannot use JSX unless the '--jsx' flag is provided.
pages/orders/PurchaseOrderView.tsx(376,17): error TS17004: Cannot use JSX unless the '--jsx' flag is provided.
pages/orders/PurchaseOrderView.tsx(377,19): error TS17004: Cannot use JSX unless the '--jsx' flag is provided.
pages/orders/PurchaseOrderView.tsx(379,17): error TS17004: Cannot use JSX unless the '--jsx' flag is provided.
pages/orders/PurchaseOrderView.tsx(380,19): error TS17004: Cannot use JSX unless the '--jsx' flag is provided.
pages/orders/PurchaseOrderView.tsx(388,7): error TS17004: Cannot use JSX unless the '--jsx' flag is provided.
pages/orders/PurchaseOrderView.tsx(389,9): error TS17004: Cannot use JSX unless the '--jsx' flag is provided.
pages/orders/PurchaseOrderView.tsx(390,11): error TS17004: Cannot use JSX unless the '--jsx' flag is provided.
pages/orders/PurchaseOrderView.tsx(391,13): error TS17004: Cannot use JSX unless the '--jsx' flag is provided.
pages/orders/PurchaseOrderView.tsx(392,15): error TS17004: Cannot use JSX unless the '--jsx' flag is provided.
pages/orders/PurchaseOrderView.tsx(393,17): error TS17004: Cannot use JSX unless the '--jsx' flag is provided.
pages/orders/PurchaseOrderView.tsx(396,15): error TS17004: Cannot use JSX unless the '--jsx' flag is provided.
pages/orders/PurchaseOrderView.tsx(397,63): error TS17004: Cannot use JSX unless the '--jsx' flag is provided.
pages/orders/PurchaseOrderView.tsx(400,13): error TS17004: Cannot use JSX unless the '--jsx' flag is provided.
pages/orders/PurchaseOrderView.tsx(401,15): error TS17004: Cannot use JSX unless the '--jsx' flag is provided.
pages/orders/PurchaseOrderView.tsx(419,5): error TS17004: Cannot use JSX unless the '--jsx' flag is provided.
pages/orders/PurchaseOrderView.tsx(420,7): error TS17004: Cannot use JSX unless the '--jsx' flag is provided.
pages/orders/PurchaseOrderView.tsx(422,9): error TS17004: Cannot use JSX unless the '--jsx' flag is provided.
pages/orders/PurchaseOrderView.tsx(424,7): error TS17004: Cannot use JSX unless the '--jsx' flag is provided.
pages/orders/PurchaseOrderView.tsx(425,9): error TS17004: Cannot use JSX unless the '--jsx' flag is provided.
pages/orders/PurchaseOrderView.tsx(426,22): error TS17004: Cannot use JSX unless the '--jsx' flag is provided.
pages/orders/PurchaseOrderView.tsx(434,5): error TS17004: Cannot use JSX unless the '--jsx' flag is provided.
pages/orders/PurchaseOrderView.tsx(435,7): error TS17004: Cannot use JSX unless the '--jsx' flag is provided.
pages/orders/PurchaseOrderView.tsx(436,7): error TS17004: Cannot use JSX unless the '--jsx' flag is provided.
../node_modules/@tanstack/query-core/build/legacy/focusManager.d.ts(6,5): error TS18028: Private identifiers are only available when targeting ECMAScript 2015 and higher.
../node_modules/@tanstack/query-core/build/legacy/hydration-C-jfQLut.d.ts(9,5): error TS18028: Private identifiers are only available when targeting ECMAScript 2015 and higher.
../node_modules/@tanstack/query-core/build/legacy/hydration-C-jfQLut.d.ts(115,5): error TS18028: Private identifiers are only available when targeting ECMAScript 2015 and higher.
../node_modules/@tanstack/query-core/build/legacy/hydration-C-jfQLut.d.ts(156,5): error TS18028: Private identifiers are only available when targeting ECMAScript 2015 and higher.
../node_modules/@tanstack/query-core/build/legacy/hydration-C-jfQLut.d.ts(205,5): error TS18028: Private identifiers are only available when targeting ECMAScript 2015 and higher.
../node_modules/@tanstack/query-core/build/legacy/hydration-C-jfQLut.d.ts(266,5): error TS18028: Private identifiers are only available when targeting ECMAScript 2015 and higher.
../node_modules/@tanstack/query-core/build/legacy/hydration-C-jfQLut.d.ts(427,5): error TS18028: Private identifiers are only available when targeting ECMAScript 2015 and higher.
../node_modules/@tanstack/query-core/build/legacy/hydration-C-jfQLut.d.ts(444,5): error TS18028: Private identifiers are only available when targeting ECMAScript 2015 and higher.
../node_modules/@tanstack/query-core/build/legacy/onlineManager.d.ts(6,5): error TS18028: Private identifiers are only available when targeting ECMAScript 2015 and higher.
../node_modules/@tanstack/query-core/build/legacy/queriesObserver.d.ts(11,5): error TS18028: Private identifiers are only available when targeting ECMAScript 2015 and higher.
../node_modules/@tanstack/query-core/build/legacy/removable.d.ts(2,5): error TS18028: Private identifiers are only available when targeting ECMAScript 2015 and higher.
../node_modules/@tanstack/query-core/build/legacy/timeoutManager.d.ts(41,5): error TS18028: Private identifiers are only available when targeting ECMAScript 2015 and higher.
../node_modules/react-hook-form/dist/form.d.ts(1,8): error TS1259: Module '"d:/Ideal Distributor/Development/Workspace/code move/pharma-supply/node_modules/@types/react/index"' can only be default-imported using the 'esModuleInterop' flag
../node_modules/react-hook-form/dist/types/controller.d.ts(1,13): error TS1259: Module '"d:/Ideal Distributor/Development/Workspace/code move/pharma-supply/node_modules/@types/react/index"' can only be default-imported using the 'esModuleInterop' flag
../node_modules/react-hook-form/dist/types/form.d.ts(1,13): error TS1259: Module '"d:/Ideal Distributor/Development/Workspace/code move/pharma-supply/node_modules/@types/react/index"' can only be default-imported using the 'esModuleInterop' flag
../node_modules/react-hook-form/dist/useFormContext.d.ts(1,8): error TS1259: Module '"d:/Ideal Distributor/Development/Workspace/code move/pharma-supply/node_modules/@types/react/index"' can only be default-imported using the 'esModuleInterop' flag
../node_modules/sonner/dist/index.d.ts(1,8): error TS1259: Module '"d:/Ideal Distributor/Development/Workspace/code move/pharma-supply/node_modules/@types/react/index"' can only be default-imported using the 'esModuleInterop' flag
